
   FAIL  Tests\Feature\OrderApiTest
  Γ¿» order creation           0.67s  
  ΓöÇΓöÇΓöÇΓöÇΓöÇΓöÇΓöÇΓöÇΓöÇΓöÇΓöÇΓöÇΓöÇΓöÇΓöÇΓöÇΓöÇΓöÇΓöÇΓöÇΓöÇΓöÇΓöÇΓöÇΓöÇΓöÇΓöÇΓöÇΓöÇΓöÇΓöÇΓöÇ  
   FAILED  Tests\Feature\OrderApΓÇª   
  Expected response status code [201] but received 422.
Failed asserting that 422 is identical to 201.

The following errors occurred during the last request:

{
    "message": "The billing email field must be a valid email address.",
    "errors": {
        "billing_email": [
            "The billing email field must be a valid email address."
        ]
    }
}

  at tests\Feature\OrderApiTest.php:51
     47Γûò             ],
     48Γûò             
     49Γûò         ]);
     50Γûò 
  Γ₧£  51Γûò         $response->assertStatus(201);
     52Γûò     }
     53Γûò }
     54Γûò


  Tests:    1 failed (1 assertions)
  Duration: 0.87s

